{
  "version": "1.5.0",
  "plugins_used": [
    {
      "name": "ArtifactoryDetector"
    },
    {
      "name": "AWSKeyDetector"
    },
    {
      "name": "AzureStorageKeyDetector"
    },
    {
      "name": "Base64HighEntropyString",
      "limit": 4.5
    },
    {
      "name": "BasicAuthDetector"
    },
    {
      "name": "CloudantDetector"
    },
    {
      "name": "DiscordBotTokenDetector"
    },
    {
      "name": "GitHubTokenDetector"
    },
    {
      "name": "GitLabTokenDetector"
    },
    {
      "name": "HexHighEntropyString",
      "limit": 3.0
    },
    {
      "name": "IbmCloudIamDetector"
    },
    {
      "name": "IbmCosHmacDetector"
    },
    {
      "name": "IPPublicDetector"
    },
    {
      "name": "JwtTokenDetector"
    },
    {
      "name": "KeywordDetector",
      "keyword_exclude": ""
    },
    {
      "name": "MailchimpDetector"
    },
    {
      "name": "NpmDetector"
    },
    {
      "name": "OpenAIDetector"
    },
    {
      "name": "PrivateKeyDetector"
    },
    {
      "name": "PypiTokenDetector"
    },
    {
      "name": "SendGridDetector"
    },
    {
      "name": "SlackDetector"
    },
    {
      "name": "SoftlayerDetector"
    },
    {
      "name": "SquareOAuthDetector"
    },
    {
      "name": "StripeDetector"
    },
    {
      "name": "TelegramBotTokenDetector"
    },
    {
      "name": "TwilioKeyDetector"
    }
  ],
  "filters_used": [
    {
      "path": "detect_secrets.filters.allowlist.is_line_allowlisted"
    },
    {
      "path": "detect_secrets.filters.common.is_baseline_file",
      "filename": ".secrets.baseline"
    },
    {
      "path": "detect_secrets.filters.common.is_ignored_due_to_verification_policies",
      "min_level": 2
    },
    {
      "path": "detect_secrets.filters.heuristic.is_indirect_reference"
    },
    {
      "path": "detect_secrets.filters.heuristic.is_likely_id_string"
    },
    {
      "path": "detect_secrets.filters.heuristic.is_lock_file"
    },
    {
      "path": "detect_secrets.filters.heuristic.is_not_alphanumeric_string"
    },
    {
      "path": "detect_secrets.filters.heuristic.is_potential_uuid"
    },
    {
      "path": "detect_secrets.filters.heuristic.is_prefixed_with_dollar_sign"
    },
    {
      "path": "detect_secrets.filters.heuristic.is_sequential_string"
    },
    {
      "path": "detect_secrets.filters.heuristic.is_swagger_file"
    },
    {
      "path": "detect_secrets.filters.heuristic.is_templated_secret"
    },
    {
      "path": "detect_secrets.filters.regex.should_exclude_file",
      "pattern": [
        ".*\\.lock",
        ".*\\.csv",
        "demo/sample_data/.*",
        "workloads/.*/sample_data/.*"
      ]
    }
  ],
  "results": {
    "docs/semantic-layer.excalidraw": [
      {
        "type": "Hex High Entropy String",
        "filename": "docs/semantic-layer.excalidraw",
        "hashed_secret": "ccb7a36a48a83b2c2071762d7bc55e9307d6ddd3",
        "is_verified": false,
        "line_number": 1549
      },
      {
        "type": "Hex High Entropy String",
        "filename": "docs/semantic-layer.excalidraw",
        "hashed_secret": "8e34c934facbd52932018bb602fc2c579b57a1e7",
        "is_verified": false,
        "line_number": 1591
      },
      {
        "type": "Hex High Entropy String",
        "filename": "docs/semantic-layer.excalidraw",
        "hashed_secret": "1f343a0a8e6187e5b6320bbc02af53c1cb1c3051",
        "is_verified": false,
        "line_number": 1626
      },
      {
        "type": "Hex High Entropy String",
        "filename": "docs/semantic-layer.excalidraw",
        "hashed_secret": "22ad8d4e0fe7632352d1e32e58579665d13be780",
        "is_verified": false,
        "line_number": 1668
      }
    ],
    "shared/tests/unit/test_hook_validators.py": [
      {
        "type": "Secret Keyword",
        "filename": "shared/tests/unit/test_hook_validators.py",
        "hashed_secret": "2dbf416a089c45138d2e6af01e8a93d035141298",
        "is_verified": false,
        "line_number": 274
      },
      {
        "type": "Secret Keyword",
        "filename": "shared/tests/unit/test_hook_validators.py",
        "hashed_secret": "bbc5def5ff61d2066dee44345c9cbd3f1446d78a",
        "is_verified": false,
        "line_number": 299
      },
      {
        "type": "Basic Auth Credentials",
        "filename": "shared/tests/unit/test_hook_validators.py",
        "hashed_secret": "e5e9fa1ba31ecd1ae84f75caaa474f3a663f05f4",
        "is_verified": false,
        "line_number": 333
      },
      {
        "type": "Secret Keyword",
        "filename": "shared/tests/unit/test_hook_validators.py",
        "hashed_secret": "12a265bc73ed065cae757f118e89fb150cc4af85",
        "is_verified": false,
        "line_number": 341
      },
      {
        "type": "Secret Keyword",
        "filename": "shared/tests/unit/test_hook_validators.py",
        "hashed_secret": "e0ebbb05216970370ce738d91f8492b959b4e7ed",
        "is_verified": false,
        "line_number": 376
      },
      {
        "type": "Secret Keyword",
        "filename": "shared/tests/unit/test_hook_validators.py",
        "hashed_secret": "c9c64e071d2853bc7906c017a231ad1cc46ab630",
        "is_verified": false,
        "line_number": 401
      }
    ],
    "shared/utils/hook_validators/pii_code_scanner.py": [
      {
        "type": "AWS Access Key",
        "filename": "shared/utils/hook_validators/pii_code_scanner.py",
        "hashed_secret": "25910f981e85ca04baf359199dd0bd4a3ae738b6",
        "is_verified": false,
        "line_number": 51
      }
    ],
    "shared/utils/hook_validators/sensitive_info_scanner.py": [
      {
        "type": "AWS Access Key",
        "filename": "shared/utils/hook_validators/sensitive_info_scanner.py",
        "hashed_secret": "25910f981e85ca04baf359199dd0bd4a3ae738b6",
        "is_verified": false,
        "line_number": 93
      },
      {
        "type": "Base64 High Entropy String",
        "filename": "shared/utils/hook_validators/sensitive_info_scanner.py",
        "hashed_secret": "d70eab08607a4d05faa2d0d6647206599e9abc65",
        "is_verified": false,
        "line_number": 94
      }
    ],
    "shared/utils/hook_validators/yaml_config_validator.py": [
      {
        "type": "AWS Access Key",
        "filename": "shared/utils/hook_validators/yaml_config_validator.py",
        "hashed_secret": "25910f981e85ca04baf359199dd0bd4a3ae738b6",
        "is_verified": false,
        "line_number": 43
      }
    ]
  },
  "generated_at": "2026-09-29T03:53:56Z"
}
