{
  "version": "1.5.0",
  "plugins_used": [
    {
      "name": "ArtifactoryDetector"
    },
    {
      "name": "AWSKeyDetector"
    },
    {
      "name": "AzureStorageKeyDetector"
    },
    {
      "name": "Base64HighEntropyString",
      "limit": 4.5
    },
    {
      "name": "BasicAuthDetector"
    },
    {
      "name": "CloudantDetector"
    },
    {
      "name": "DiscordBotTokenDetector"
    },
    {
      "name": "GitHubTokenDetector"
    },
    {
      "name": "GitLabTokenDetector"
    },
    {
      "name": "HexHighEntropyString",
      "limit": 3.0
    },
    {
      "name": "IbmCloudIamDetector"
    },
    {
      "name": "IbmCosHmacDetector"
    },
    {
      "name": "IPPublicDetector"
    },
    {
      "name": "JwtTokenDetector"
    },
    {
      "name": "KeywordDetector",
      "keyword_exclude": ""
    },
    {
      "name": "MailchimpDetector"
    },
    {
      "name": "NpmDetector"
    },
    {
      "name": "OpenAIDetector"
    },
    {
      "name": "PrivateKeyDetector"
    },
    {
      "name": "PypiTokenDetector"
    },
    {
      "name": "SendGridDetector"
    },
    {
      "name": "SlackDetector"
    },
    {
      "name": "SoftlayerDetector"
    },
    {
      "name": "SquareOAuthDetector"
    },
    {
      "name": "StripeDetector"
    },
    {
      "name": "TelegramBotTokenDetector"
    },
    {
      "name": "TwilioKeyDetector"
    }
  ],
  "filters_used": [
    {
      "path": "detect_secrets.filters.allowlist.is_line_allowlisted"
    },
    {
      "path": "detect_secrets.filters.common.is_ignored_due_to_verification_policies",
      "min_level": 2
    },
    {
      "path": "detect_secrets.filters.heuristic.is_indirect_reference"
    },
    {
      "path": "detect_secrets.filters.heuristic.is_likely_id_string"
    },
    {
      "path": "detect_secrets.filters.heuristic.is_lock_file"
    },
    {
      "path": "detect_secrets.filters.heuristic.is_not_alphanumeric_string"
    },
    {
      "path": "detect_secrets.filters.heuristic.is_potential_uuid"
    },
    {
      "path": "detect_secrets.filters.heuristic.is_prefixed_with_dollar_sign"
    },
    {
      "path": "detect_secrets.filters.heuristic.is_sequential_string"
    },
    {
      "path": "detect_secrets.filters.heuristic.is_swagger_file"
    },
    {
      "path": "detect_secrets.filters.heuristic.is_templated_secret"
    },
    {
      "path": "detect_secrets.filters.regex.should_exclude_file",
      "pattern": [
        "\\.git/.*",
        "demo/sample_data/.*",
        ".*\\.csv$"
      ]
    }
  ],
  "results": {
    "docs/semantic-layer.excalidraw": [
      {
        "type": "Hex High Entropy String",
        "filename": "docs/semantic-layer.excalidraw",
        "hashed_secret": "ccb7a36a48a83b2c2071762d7bc55e9307d6ddd3",
        "is_verified": false,
        "line_number": 1549
      },
      {
        "type": "Hex High Entropy String",
        "filename": "docs/semantic-layer.excalidraw",
        "hashed_secret": "8e34c934facbd52932018bb602fc2c579b57a1e7",
        "is_verified": false,
        "line_number": 1591
      },
      {
        "type": "Hex High Entropy String",
        "filename": "docs/semantic-layer.excalidraw",
        "hashed_secret": "1f343a0a8e6187e5b6320bbc02af53c1cb1c3051",
        "is_verified": false,
        "line_number": 1626
      },
      {
        "type": "Hex High Entropy String",
        "filename": "docs/semantic-layer.excalidraw",
        "hashed_secret": "22ad8d4e0fe7632352d1e32e58579665d13be780",
        "is_verified": false,
        "line_number": 1668
      }
    ],
    "workloads/customer_master/tests/unit/test_quality.py": [
      {
        "type": "Hex High Entropy String",
        "filename": "workloads/customer_master/tests/unit/test_quality.py",
        "hashed_secret": "b4c9248600a42f8c38c01b632f392dbcb4c7b19a",
        "is_verified": false,
        "line_number": 131
      }
    ],
    "workloads/financial_portfolios/config/source.yaml": [
      {
        "type": "Secret Keyword",
        "filename": "workloads/financial_portfolios/config/source.yaml",
        "hashed_secret": "123172e006c56e11d4d96d9e8b4c9c33500055bc",
        "is_verified": false,
        "line_number": 14
      }
    ],
    "workloads/healthcare_patients/config/schedule.yaml": [
      {
        "type": "Base64 High Entropy String",
        "filename": "workloads/healthcare_patients/config/schedule.yaml",
        "hashed_secret": "e698d308f473ca5ccf6274a9fff6e6cc29ac52dc",
        "is_verified": false,
        "line_number": 99
      },
      {
        "type": "Base64 High Entropy String",
        "filename": "workloads/healthcare_patients/config/schedule.yaml",
        "hashed_secret": "bc4aee2fe29c45468b656564b8c8de34221c8c6b",
        "is_verified": false,
        "line_number": 101
      }
    ],
    "workloads/healthcare_patients/deploy_to_aws.py": [
      {
        "type": "Base64 High Entropy String",
        "filename": "workloads/healthcare_patients/deploy_to_aws.py",
        "hashed_secret": "eb08898bba601f12b7d10494144c59923d9103f1",
        "is_verified": false,
        "line_number": 31
      }
    ],
    "workloads/stocks/config/source.yaml": [
      {
        "type": "Secret Keyword",
        "filename": "workloads/stocks/config/source.yaml",
        "hashed_secret": "b1d59747e23b8bb9c76bc0498f6dfde2ff8e54eb",
        "is_verified": false,
        "line_number": 14
      }
    ]
  },
  "generated_at": "2026-04-08T20:44:44Z"
}
